// Jest Snapshot v1, https://goo.gl/fbAQLP

exports[`DraswapV3Factory #createPool gas 1`] = `4557092`;

exports[`DraswapV3Factory factory bytecode size 1`] = `24535`;

exports[`DraswapV3Factory pool bytecode size 1`] = `22142`;
